---
source: src/core/shortcuts.rs
assertion_line: 367
expression: "strings.join(\"\\n\")"
---
Abrir -> Ctrl+O
Anterior -> ←
Siguiente -> →
Rotar 90° CW -> Ctrl+]
Rotar 90° CCW -> Ctrl+[
Ajustar a la ventana -> F
Pantalla completa -> F11
Cambiar tema -> Ctrl+T
Barra lateral -> H
Información -> I
Slideshow -> F5
Slideshow más rápido -> ,
Slideshow más lento -> .
Configurar atajos -> Ctrl+K
Reproducir / Pausar -> Espacio
Avanzar 5 s -> Ctrl+→
Retroceder 5 s -> Ctrl+←
Subir volumen -> Ctrl+↑
Bajar volumen -> Ctrl+↓
Silenciar -> M
